============================= test session starts ==============================
platform linux -- Python 3.12.13, pytest-8.3.5, pluggy-1.6.0
rootdir: /home/david/dev/pygeoinf
configfile: pyproject.toml
plugins: anyio-4.9.0, cov-6.2.1
collected 388 items

tests/symmetric_space/test_circle_lebesgue.py ........                   [  2%]
tests/symmetric_space/test_circle_plot.py ...                            [  2%]
tests/symmetric_space/test_circle_sobolev.py ...........                 [  5%]
tests/symmetric_space/test_invariant_objects.py .........                [  7%]
tests/symmetric_space/test_line_lebesgue.py ........                     [ 10%]
tests/symmetric_space/test_line_plot.py ...                              [ 10%]
tests/symmetric_space/test_line_sobolev.py ..........                    [ 13%]
tests/symmetric_space/test_sphere_lebesgue.py ..........                 [ 15%]
tests/symmetric_space/test_sphere_plot.py ......                         [ 17%]
tests/symmetric_space/test_sphere_sobolev.py ...............             [ 21%]
tests/test_affine_operators.py .....                                     [ 22%]
tests/test_auxiliary.py ...................                              [ 27%]
tests/test_direct_sum.py ....................                            [ 32%]
tests/test_euclidean.py .......                                          [ 34%]
tests/test_euclidean_nonlinear_operators.py ..                           [ 35%]
tests/test_forward_problem.py .......                                    [ 36%]
tests/test_gaussian_measure.py ...............                           [ 40%]
tests/test_inversion.py .......                                          [ 42%]
tests/test_linear_bayesian.py ............                               [ 45%]
tests/test_linear_forms.py ............................................. [ 57%]
.........                                                                [ 59%]
tests/test_linear_operators.py .............................             [ 67%]
tests/test_linear_optimisation.py ..............                         [ 70%]
tests/test_linear_solvers.py .......................                     [ 76%]
tests/test_mass_weighted.py ...                                          [ 77%]
tests/test_nonlinear_forms.py ................                           [ 81%]
tests/test_nonlinear_optimisation.py ....x.                              [ 82%]
tests/test_parallelism.py ....                                           [ 84%]
tests/test_plot.py .........FFFF.FF..FF....                              [ 90%]
tests/test_preconditioners.py ............                               [ 93%]
tests/test_random_matrix.py ..............                               [ 96%]
tests/test_subsets.py ........                                           [ 98%]
tests/test_subspaces.py ....                                             [100%]

=================================== FAILURES ===================================
_______________ TestPlotCornerDistributions.test_2d_corner_plot ________________

self = <tests.test_plot.TestPlotCornerDistributions object at 0x7f8399b7fb60>
gaussian_measure_2d = <pygeoinf.gaussian_measure.GaussianMeasure object at 0x7f83943440b0>

    def test_2d_corner_plot(self, gaussian_measure_2d):
>       axes = plot_corner_distributions(gaussian_measure_2d)

tests/test_plot.py:238: 
_ _ _ _ _ _ _ _ _ _ _ _ _ _ _ _ _ _ _ _ _ _ _ _ _ _ _ _ _ _ _ _ _ _ _ _ _ _ _ _ 

posterior_measure = <pygeoinf.gaussian_measure.GaussianMeasure object at 0x7f83943440b0>

    def plot_corner_distributions(
        posterior_measure: GaussianMeasure,
        /,
        *,
        prior_measure: Optional[GaussianMeasure] = None,
        true_values: Optional[Union[List[float], np.ndarray]] = None,
        labels: Optional[List[str]] = None,
        title: str = "Joint Posterior Distribution",
        figsize: Optional[tuple] = None,
        include_sigma_contours: bool = True,
        colormap: str = "Blues",
        parallel: bool = False,
        n_jobs: int = -1,
        width_scaling: float = 3.75,
        legend_position: tuple = (0.9, 0.95),
    ) -> np.ndarray:
        """
        Create a professional corner plot for multi-dimensional posterior distributions.
    
        Args:
            posterior_measure: Multi-dimensional posterior measure (pygeoinf GaussianMeasure)
            prior_measure: Optional prior measure to plot secondary axes showing prior standard deviations.
            true_values: True values for each dimension (optional)
            labels: Labels for each dimension (optional)
            title: Title for the plot
            figsize: Figure size tuple (if None, calculated based on dimensions)
            include_sigma_contours: Whether to include 1-sigma contour lines
            colormap: Colormap for 2D plots
            parallel: Compute dense covariance matrix in parallel, default False.
            n_jobs: Number of cores to use in parallel calculations, default -1.
            width_scaling: Width scaling factor in standard deviations (default: 3.75)
            legend_position: Position of legend as (x, y) tuple (default: (0.9, 0.95))
    
        Returns:
            axes: An N x N NumPy array of Matplotlib Axes objects.
        """
        if not isinstance(posterior_measure, GaussianMeasure):
            raise TypeError(
                f"posterior_measure must be an instance of GaussianMeasure, "
                f"but got {type(posterior_measure).__name__}."
            )
    
        mean_posterior = posterior_measure.expectation
        cov_posterior = posterior_measure.covariance.matrix(
            dense=True, parallel=parallel, n_jobs=n_jobs
        )
    
        # Pre-compute prior matrices if provided
        if prior_measure is not None:
            if not isinstance(prior_measure, GaussianMeasure):
                raise TypeError("prior_measure must be a GaussianMeasure.")
            mean_prior = prior_measure.expectation
            cov_prior = prior_measure.covariance.matrix(
                dense=True, parallel=parallel, n_jobs=n_jobs
            )
    
        n_dims = len(mean_posterior)
    
        if labels is None:
            labels = [f"Dimension {i+1}" for i in range(n_dims)]
    
        if figsize is None:
            figsize = (3 * n_dims, 3 * n_dims)
    
        # Tight grid spacing for the classic corner plot look
        fig, axes = plt.subplots(
            n_dims, n_dims, figsize=figsize, gridspec_kw={"wspace": 0.05, "hspace": 0.05}
        )
        fig.suptitle(title, fontsize=16)
    
        if n_dims == 1:
            axes = np.array([[axes]])
        elif n_dims == 2:
            axes = axes.reshape(2, 2)
    
        pcm = None
    
        for i in range(n_dims):
            for j in range(n_dims):
                ax = axes[i, j]
    
                # --- DIAGONALS (1D PDFs) ---
                if i == j:
                    mu = mean_posterior[i]
                    sigma = np.sqrt(cov_posterior[i, i])
                    x = np.linspace(
                        mu - width_scaling * sigma, mu + width_scaling * sigma, 200
                    )
                    pdf = stats.norm.pdf(x, mu, sigma)
    
                    ax.plot(x, pdf, "darkblue", label="Posterior PDF")
                    ax.fill_between(x, pdf, color="lightblue", alpha=0.6)
    
                    if true_values is not None:
                        true_val = true_values[i]
                        ax.axvline(
                            true_val,
                            color="black",
                            linestyle="-",
                            label=f"True: {true_val:.2f}",
                        )
    
                    # Inject prior secondary axis if requested
                    if prior_measure is not None:
                        prior_mu = mean_prior[i]
                        prior_sigma = np.sqrt(cov_prior[i, i])
    
                        def make_forward(p_mu, p_sig):
                            return lambda val: (val - p_mu) / p_sig
    
                        def make_inverse(p_mu, p_sig):
                            return lambda stds: stds * p_sig + p_mu
    
                        sec_ax = ax.secondary_xaxis(
                            "top",
                            functions=(
                                make_forward(prior_mu, prior_sigma),
                                make_inverse(prior_mu, prior_sigma),
                            ),
                        )
                        sec_ax.set_xlabel(
                            r"Distance from Prior Mean ($\sigma_{prior}$)",
                            fontsize=10,
                            color="darkgreen",
                        )
                        sec_ax.tick_params(axis="x", colors="darkgreen")
    
                    # X-axis logic
                    if i == n_dims - 1:
                        ax.set_xlabel(labels[i])
                    else:
                        ax.tick_params(labelbottom=False)
    
                    # Y-axis logic: Hide all ticks, only label the very first plot
                    ax.set_yticks([])
                    if i == 0:
                        ax.set_ylabel("Density")
                    else:
                        ax.set_ylabel("")
    
                # --- OFF-DIAGONALS (2D Contours) ---
                elif i > j:
                    mean_2d = np.array([mean_posterior[j], mean_posterior[i]])
                    cov_2d = np.array(
                        [
                            [cov_posterior[j, j], cov_posterior[j, i]],
                            [cov_posterior[i, j], cov_posterior[i, i]],
                        ]
                    )
    
                    sigma_j = np.sqrt(cov_posterior[j, j])
                    sigma_i = np.sqrt(cov_posterior[i, i])
    
                    x_range = np.linspace(
                        mean_2d[0] - width_scaling * sigma_j,
                        mean_2d[0] + width_scaling * sigma_j,
                        100,
                    )
                    y_range = np.linspace(
                        mean_2d[1] - width_scaling * sigma_i,
                        mean_2d[1] + width_scaling * sigma_i,
                        100,
                    )
    
                    X, Y = np.meshgrid(x_range, y_range)
                    pos = np.dstack((X, Y))
    
                    rv = stats.multivariate_normal(mean_2d, cov_2d)
                    Z = rv.pdf(pos)
    
                    pcm = ax.pcolormesh(
                        X,
                        Y,
                        Z,
                        shading="auto",
                        cmap=colormap,
                        norm=colors.LogNorm(vmin=Z.min(), vmax=Z.max()),
                    )
    
                    ax.contour(X, Y, Z, colors="black", linewidths=0.5, alpha=0.6)
    
                    if include_sigma_contours:
                        sigma_level = rv.pdf(mean_2d) * np.exp(-0.5)
                        ax.contour(
                            X,
                            Y,
                            Z,
                            levels=[sigma_level],
                            colors="red",
                            linewidths=1,
                            linestyles="--",
                            alpha=0.8,
                        )
    
                    ax.plot(
                        mean_posterior[j],
                        mean_posterior[i],
                        "r+",
                        markersize=10,
                        mew=2,
                        label="Posterior Mean",
                    )
    
                    if true_values is not None:
                        ax.plot(
                            true_values[j],
                            true_values[i],
                            "kx",
                            markersize=10,
                            mew=2,
                            label="True Value",
                        )
    
                    # X-axis logic
                    if i == n_dims - 1:
                        ax.set_xlabel(labels[j])
                    else:
                        ax.tick_params(labelbottom=False)
    
                    # Y-axis logic
                    if j == 0:
                        ax.set_ylabel(labels[i])
                    else:
                        ax.tick_params(labelleft=False)
    
                # --- EMPTY UPPER TRIANGLE ---
                else:
                    ax.set_visible(False)
    
        # Align labels perfectly
        fig.align_labels()
    
        handles, labels_leg = axes[0, 0].get_legend_handles_labels()
        if n_dims > 1:
>           handles2, axes[1, 0].get_legend_handles_labels()
E           UnboundLocalError: cannot access local variable 'handles2' where it is not associated with a value

pygeoinf/plot.py:469: UnboundLocalError
_______________ TestPlotCornerDistributions.test_3d_corner_plot ________________

self = <tests.test_plot.TestPlotCornerDistributions object at 0x7f8399b7fd70>
gaussian_measure_3d = <pygeoinf.gaussian_measure.GaussianMeasure object at 0x7f83943eaae0>

    def test_3d_corner_plot(self, gaussian_measure_3d):
>       axes = plot_corner_distributions(gaussian_measure_3d)

tests/test_plot.py:255: 
_ _ _ _ _ _ _ _ _ _ _ _ _ _ _ _ _ _ _ _ _ _ _ _ _ _ _ _ _ _ _ _ _ _ _ _ _ _ _ _ 

posterior_measure = <pygeoinf.gaussian_measure.GaussianMeasure object at 0x7f83943eaae0>

    def plot_corner_distributions(
        posterior_measure: GaussianMeasure,
        /,
        *,
        prior_measure: Optional[GaussianMeasure] = None,
        true_values: Optional[Union[List[float], np.ndarray]] = None,
        labels: Optional[List[str]] = None,
        title: str = "Joint Posterior Distribution",
        figsize: Optional[tuple] = None,
        include_sigma_contours: bool = True,
        colormap: str = "Blues",
        parallel: bool = False,
        n_jobs: int = -1,
        width_scaling: float = 3.75,
        legend_position: tuple = (0.9, 0.95),
    ) -> np.ndarray:
        """
        Create a professional corner plot for multi-dimensional posterior distributions.
    
        Args:
            posterior_measure: Multi-dimensional posterior measure (pygeoinf GaussianMeasure)
            prior_measure: Optional prior measure to plot secondary axes showing prior standard deviations.
            true_values: True values for each dimension (optional)
            labels: Labels for each dimension (optional)
            title: Title for the plot
            figsize: Figure size tuple (if None, calculated based on dimensions)
            include_sigma_contours: Whether to include 1-sigma contour lines
            colormap: Colormap for 2D plots
            parallel: Compute dense covariance matrix in parallel, default False.
            n_jobs: Number of cores to use in parallel calculations, default -1.
            width_scaling: Width scaling factor in standard deviations (default: 3.75)
            legend_position: Position of legend as (x, y) tuple (default: (0.9, 0.95))
    
        Returns:
            axes: An N x N NumPy array of Matplotlib Axes objects.
        """
        if not isinstance(posterior_measure, GaussianMeasure):
            raise TypeError(
                f"posterior_measure must be an instance of GaussianMeasure, "
                f"but got {type(posterior_measure).__name__}."
            )
    
        mean_posterior = posterior_measure.expectation
        cov_posterior = posterior_measure.covariance.matrix(
            dense=True, parallel=parallel, n_jobs=n_jobs
        )
    
        # Pre-compute prior matrices if provided
        if prior_measure is not None:
            if not isinstance(prior_measure, GaussianMeasure):
                raise TypeError("prior_measure must be a GaussianMeasure.")
            mean_prior = prior_measure.expectation
            cov_prior = prior_measure.covariance.matrix(
                dense=True, parallel=parallel, n_jobs=n_jobs
            )
    
        n_dims = len(mean_posterior)
    
        if labels is None:
            labels = [f"Dimension {i+1}" for i in range(n_dims)]
    
        if figsize is None:
            figsize = (3 * n_dims, 3 * n_dims)
    
        # Tight grid spacing for the classic corner plot look
        fig, axes = plt.subplots(
            n_dims, n_dims, figsize=figsize, gridspec_kw={"wspace": 0.05, "hspace": 0.05}
        )
        fig.suptitle(title, fontsize=16)
    
        if n_dims == 1:
            axes = np.array([[axes]])
        elif n_dims == 2:
            axes = axes.reshape(2, 2)
    
        pcm = None
    
        for i in range(n_dims):
            for j in range(n_dims):
                ax = axes[i, j]
    
                # --- DIAGONALS (1D PDFs) ---
                if i == j:
                    mu = mean_posterior[i]
                    sigma = np.sqrt(cov_posterior[i, i])
                    x = np.linspace(
                        mu - width_scaling * sigma, mu + width_scaling * sigma, 200
                    )
                    pdf = stats.norm.pdf(x, mu, sigma)
    
                    ax.plot(x, pdf, "darkblue", label="Posterior PDF")
                    ax.fill_between(x, pdf, color="lightblue", alpha=0.6)
    
                    if true_values is not None:
                        true_val = true_values[i]
                        ax.axvline(
                            true_val,
                            color="black",
                            linestyle="-",
                            label=f"True: {true_val:.2f}",
                        )
    
                    # Inject prior secondary axis if requested
                    if prior_measure is not None:
                        prior_mu = mean_prior[i]
                        prior_sigma = np.sqrt(cov_prior[i, i])
    
                        def make_forward(p_mu, p_sig):
                            return lambda val: (val - p_mu) / p_sig
    
                        def make_inverse(p_mu, p_sig):
                            return lambda stds: stds * p_sig + p_mu
    
                        sec_ax = ax.secondary_xaxis(
                            "top",
                            functions=(
                                make_forward(prior_mu, prior_sigma),
                                make_inverse(prior_mu, prior_sigma),
                            ),
                        )
                        sec_ax.set_xlabel(
                            r"Distance from Prior Mean ($\sigma_{prior}$)",
                            fontsize=10,
                            color="darkgreen",
                        )
                        sec_ax.tick_params(axis="x", colors="darkgreen")
    
                    # X-axis logic
                    if i == n_dims - 1:
                        ax.set_xlabel(labels[i])
                    else:
                        ax.tick_params(labelbottom=False)
    
                    # Y-axis logic: Hide all ticks, only label the very first plot
                    ax.set_yticks([])
                    if i == 0:
                        ax.set_ylabel("Density")
                    else:
                        ax.set_ylabel("")
    
                # --- OFF-DIAGONALS (2D Contours) ---
                elif i > j:
                    mean_2d = np.array([mean_posterior[j], mean_posterior[i]])
                    cov_2d = np.array(
                        [
                            [cov_posterior[j, j], cov_posterior[j, i]],
                            [cov_posterior[i, j], cov_posterior[i, i]],
                        ]
                    )
    
                    sigma_j = np.sqrt(cov_posterior[j, j])
                    sigma_i = np.sqrt(cov_posterior[i, i])
    
                    x_range = np.linspace(
                        mean_2d[0] - width_scaling * sigma_j,
                        mean_2d[0] + width_scaling * sigma_j,
                        100,
                    )
                    y_range = np.linspace(
                        mean_2d[1] - width_scaling * sigma_i,
                        mean_2d[1] + width_scaling * sigma_i,
                        100,
                    )
    
                    X, Y = np.meshgrid(x_range, y_range)
                    pos = np.dstack((X, Y))
    
                    rv = stats.multivariate_normal(mean_2d, cov_2d)
                    Z = rv.pdf(pos)
    
                    pcm = ax.pcolormesh(
                        X,
                        Y,
                        Z,
                        shading="auto",
                        cmap=colormap,
                        norm=colors.LogNorm(vmin=Z.min(), vmax=Z.max()),
                    )
    
                    ax.contour(X, Y, Z, colors="black", linewidths=0.5, alpha=0.6)
    
                    if include_sigma_contours:
                        sigma_level = rv.pdf(mean_2d) * np.exp(-0.5)
                        ax.contour(
                            X,
                            Y,
                            Z,
                            levels=[sigma_level],
                            colors="red",
                            linewidths=1,
                            linestyles="--",
                            alpha=0.8,
                        )
    
                    ax.plot(
                        mean_posterior[j],
                        mean_posterior[i],
                        "r+",
                        markersize=10,
                        mew=2,
                        label="Posterior Mean",
                    )
    
                    if true_values is not None:
                        ax.plot(
                            true_values[j],
                            true_values[i],
                            "kx",
                            markersize=10,
                            mew=2,
                            label="True Value",
                        )
    
                    # X-axis logic
                    if i == n_dims - 1:
                        ax.set_xlabel(labels[j])
                    else:
                        ax.tick_params(labelbottom=False)
    
                    # Y-axis logic
                    if j == 0:
                        ax.set_ylabel(labels[i])
                    else:
                        ax.tick_params(labelleft=False)
    
                # --- EMPTY UPPER TRIANGLE ---
                else:
                    ax.set_visible(False)
    
        # Align labels perfectly
        fig.align_labels()
    
        handles, labels_leg = axes[0, 0].get_legend_handles_labels()
        if n_dims > 1:
>           handles2, axes[1, 0].get_legend_handles_labels()
E           UnboundLocalError: cannot access local variable 'handles2' where it is not associated with a value

pygeoinf/plot.py:469: UnboundLocalError
______________ TestPlotCornerDistributions.test_with_true_values _______________

self = <tests.test_plot.TestPlotCornerDistributions object at 0x7f8399b7ff80>
gaussian_measure_2d = <pygeoinf.gaussian_measure.GaussianMeasure object at 0x7f8395763a40>

    def test_with_true_values(self, gaussian_measure_2d):
        true_vals = [1.2, 2.3]
>       axes = plot_corner_distributions(
            gaussian_measure_2d,
            true_values=true_vals,
        )

tests/test_plot.py:273: 
_ _ _ _ _ _ _ _ _ _ _ _ _ _ _ _ _ _ _ _ _ _ _ _ _ _ _ _ _ _ _ _ _ _ _ _ _ _ _ _ 

posterior_measure = <pygeoinf.gaussian_measure.GaussianMeasure object at 0x7f8395763a40>

    def plot_corner_distributions(
        posterior_measure: GaussianMeasure,
        /,
        *,
        prior_measure: Optional[GaussianMeasure] = None,
        true_values: Optional[Union[List[float], np.ndarray]] = None,
        labels: Optional[List[str]] = None,
        title: str = "Joint Posterior Distribution",
        figsize: Optional[tuple] = None,
        include_sigma_contours: bool = True,
        colormap: str = "Blues",
        parallel: bool = False,
        n_jobs: int = -1,
        width_scaling: float = 3.75,
        legend_position: tuple = (0.9, 0.95),
    ) -> np.ndarray:
        """
        Create a professional corner plot for multi-dimensional posterior distributions.
    
        Args:
            posterior_measure: Multi-dimensional posterior measure (pygeoinf GaussianMeasure)
            prior_measure: Optional prior measure to plot secondary axes showing prior standard deviations.
            true_values: True values for each dimension (optional)
            labels: Labels for each dimension (optional)
            title: Title for the plot
            figsize: Figure size tuple (if None, calculated based on dimensions)
            include_sigma_contours: Whether to include 1-sigma contour lines
            colormap: Colormap for 2D plots
            parallel: Compute dense covariance matrix in parallel, default False.
            n_jobs: Number of cores to use in parallel calculations, default -1.
            width_scaling: Width scaling factor in standard deviations (default: 3.75)
            legend_position: Position of legend as (x, y) tuple (default: (0.9, 0.95))
    
        Returns:
            axes: An N x N NumPy array of Matplotlib Axes objects.
        """
        if not isinstance(posterior_measure, GaussianMeasure):
            raise TypeError(
                f"posterior_measure must be an instance of GaussianMeasure, "
                f"but got {type(posterior_measure).__name__}."
            )
    
        mean_posterior = posterior_measure.expectation
        cov_posterior = posterior_measure.covariance.matrix(
            dense=True, parallel=parallel, n_jobs=n_jobs
        )
    
        # Pre-compute prior matrices if provided
        if prior_measure is not None:
            if not isinstance(prior_measure, GaussianMeasure):
                raise TypeError("prior_measure must be a GaussianMeasure.")
            mean_prior = prior_measure.expectation
            cov_prior = prior_measure.covariance.matrix(
                dense=True, parallel=parallel, n_jobs=n_jobs
            )
    
        n_dims = len(mean_posterior)
    
        if labels is None:
            labels = [f"Dimension {i+1}" for i in range(n_dims)]
    
        if figsize is None:
            figsize = (3 * n_dims, 3 * n_dims)
    
        # Tight grid spacing for the classic corner plot look
        fig, axes = plt.subplots(
            n_dims, n_dims, figsize=figsize, gridspec_kw={"wspace": 0.05, "hspace": 0.05}
        )
        fig.suptitle(title, fontsize=16)
    
        if n_dims == 1:
            axes = np.array([[axes]])
        elif n_dims == 2:
            axes = axes.reshape(2, 2)
    
        pcm = None
    
        for i in range(n_dims):
            for j in range(n_dims):
                ax = axes[i, j]
    
                # --- DIAGONALS (1D PDFs) ---
                if i == j:
                    mu = mean_posterior[i]
                    sigma = np.sqrt(cov_posterior[i, i])
                    x = np.linspace(
                        mu - width_scaling * sigma, mu + width_scaling * sigma, 200
                    )
                    pdf = stats.norm.pdf(x, mu, sigma)
    
                    ax.plot(x, pdf, "darkblue", label="Posterior PDF")
                    ax.fill_between(x, pdf, color="lightblue", alpha=0.6)
    
                    if true_values is not None:
                        true_val = true_values[i]
                        ax.axvline(
                            true_val,
                            color="black",
                            linestyle="-",
                            label=f"True: {true_val:.2f}",
                        )
    
                    # Inject prior secondary axis if requested
                    if prior_measure is not None:
                        prior_mu = mean_prior[i]
                        prior_sigma = np.sqrt(cov_prior[i, i])
    
                        def make_forward(p_mu, p_sig):
                            return lambda val: (val - p_mu) / p_sig
    
                        def make_inverse(p_mu, p_sig):
                            return lambda stds: stds * p_sig + p_mu
    
                        sec_ax = ax.secondary_xaxis(
                            "top",
                            functions=(
                                make_forward(prior_mu, prior_sigma),
                                make_inverse(prior_mu, prior_sigma),
                            ),
                        )
                        sec_ax.set_xlabel(
                            r"Distance from Prior Mean ($\sigma_{prior}$)",
                            fontsize=10,
                            color="darkgreen",
                        )
                        sec_ax.tick_params(axis="x", colors="darkgreen")
    
                    # X-axis logic
                    if i == n_dims - 1:
                        ax.set_xlabel(labels[i])
                    else:
                        ax.tick_params(labelbottom=False)
    
                    # Y-axis logic: Hide all ticks, only label the very first plot
                    ax.set_yticks([])
                    if i == 0:
                        ax.set_ylabel("Density")
                    else:
                        ax.set_ylabel("")
    
                # --- OFF-DIAGONALS (2D Contours) ---
                elif i > j:
                    mean_2d = np.array([mean_posterior[j], mean_posterior[i]])
                    cov_2d = np.array(
                        [
                            [cov_posterior[j, j], cov_posterior[j, i]],
                            [cov_posterior[i, j], cov_posterior[i, i]],
                        ]
                    )
    
                    sigma_j = np.sqrt(cov_posterior[j, j])
                    sigma_i = np.sqrt(cov_posterior[i, i])
    
                    x_range = np.linspace(
                        mean_2d[0] - width_scaling * sigma_j,
                        mean_2d[0] + width_scaling * sigma_j,
                        100,
                    )
                    y_range = np.linspace(
                        mean_2d[1] - width_scaling * sigma_i,
                        mean_2d[1] + width_scaling * sigma_i,
                        100,
                    )
    
                    X, Y = np.meshgrid(x_range, y_range)
                    pos = np.dstack((X, Y))
    
                    rv = stats.multivariate_normal(mean_2d, cov_2d)
                    Z = rv.pdf(pos)
    
                    pcm = ax.pcolormesh(
                        X,
                        Y,
                        Z,
                        shading="auto",
                        cmap=colormap,
                        norm=colors.LogNorm(vmin=Z.min(), vmax=Z.max()),
                    )
    
                    ax.contour(X, Y, Z, colors="black", linewidths=0.5, alpha=0.6)
    
                    if include_sigma_contours:
                        sigma_level = rv.pdf(mean_2d) * np.exp(-0.5)
                        ax.contour(
                            X,
                            Y,
                            Z,
                            levels=[sigma_level],
                            colors="red",
                            linewidths=1,
                            linestyles="--",
                            alpha=0.8,
                        )
    
                    ax.plot(
                        mean_posterior[j],
                        mean_posterior[i],
                        "r+",
                        markersize=10,
                        mew=2,
                        label="Posterior Mean",
                    )
    
                    if true_values is not None:
                        ax.plot(
                            true_values[j],
                            true_values[i],
                            "kx",
                            markersize=10,
                            mew=2,
                            label="True Value",
                        )
    
                    # X-axis logic
                    if i == n_dims - 1:
                        ax.set_xlabel(labels[j])
                    else:
                        ax.tick_params(labelbottom=False)
    
                    # Y-axis logic
                    if j == 0:
                        ax.set_ylabel(labels[i])
                    else:
                        ax.tick_params(labelleft=False)
    
                # --- EMPTY UPPER TRIANGLE ---
                else:
                    ax.set_visible(False)
    
        # Align labels perfectly
        fig.align_labels()
    
        handles, labels_leg = axes[0, 0].get_legend_handles_labels()
        if n_dims > 1:
>           handles2, axes[1, 0].get_legend_handles_labels()
E           UnboundLocalError: cannot access local variable 'handles2' where it is not associated with a value

pygeoinf/plot.py:469: UnboundLocalError
_____________ TestPlotCornerDistributions.test_with_prior_measure ______________

self = <tests.test_plot.TestPlotCornerDistributions object at 0x7f8399ba01d0>
gaussian_measure_2d = <pygeoinf.gaussian_measure.GaussianMeasure object at 0x7f8394521c70>

    def test_with_prior_measure(self, gaussian_measure_2d):
        """Test corner plot with a prior measure injected."""
>       axes = plot_corner_distributions(
            gaussian_measure_2d, prior_measure=gaussian_measure_2d
        )

tests/test_plot.py:290: 
_ _ _ _ _ _ _ _ _ _ _ _ _ _ _ _ _ _ _ _ _ _ _ _ _ _ _ _ _ _ _ _ _ _ _ _ _ _ _ _ 

posterior_measure = <pygeoinf.gaussian_measure.GaussianMeasure object at 0x7f8394521c70>

    def plot_corner_distributions(
        posterior_measure: GaussianMeasure,
        /,
        *,
        prior_measure: Optional[GaussianMeasure] = None,
        true_values: Optional[Union[List[float], np.ndarray]] = None,
        labels: Optional[List[str]] = None,
        title: str = "Joint Posterior Distribution",
        figsize: Optional[tuple] = None,
        include_sigma_contours: bool = True,
        colormap: str = "Blues",
        parallel: bool = False,
        n_jobs: int = -1,
        width_scaling: float = 3.75,
        legend_position: tuple = (0.9, 0.95),
    ) -> np.ndarray:
        """
        Create a professional corner plot for multi-dimensional posterior distributions.
    
        Args:
            posterior_measure: Multi-dimensional posterior measure (pygeoinf GaussianMeasure)
            prior_measure: Optional prior measure to plot secondary axes showing prior standard deviations.
            true_values: True values for each dimension (optional)
            labels: Labels for each dimension (optional)
            title: Title for the plot
            figsize: Figure size tuple (if None, calculated based on dimensions)
            include_sigma_contours: Whether to include 1-sigma contour lines
            colormap: Colormap for 2D plots
            parallel: Compute dense covariance matrix in parallel, default False.
            n_jobs: Number of cores to use in parallel calculations, default -1.
            width_scaling: Width scaling factor in standard deviations (default: 3.75)
            legend_position: Position of legend as (x, y) tuple (default: (0.9, 0.95))
    
        Returns:
            axes: An N x N NumPy array of Matplotlib Axes objects.
        """
        if not isinstance(posterior_measure, GaussianMeasure):
            raise TypeError(
                f"posterior_measure must be an instance of GaussianMeasure, "
                f"but got {type(posterior_measure).__name__}."
            )
    
        mean_posterior = posterior_measure.expectation
        cov_posterior = posterior_measure.covariance.matrix(
            dense=True, parallel=parallel, n_jobs=n_jobs
        )
    
        # Pre-compute prior matrices if provided
        if prior_measure is not None:
            if not isinstance(prior_measure, GaussianMeasure):
                raise TypeError("prior_measure must be a GaussianMeasure.")
            mean_prior = prior_measure.expectation
            cov_prior = prior_measure.covariance.matrix(
                dense=True, parallel=parallel, n_jobs=n_jobs
            )
    
        n_dims = len(mean_posterior)
    
        if labels is None:
            labels = [f"Dimension {i+1}" for i in range(n_dims)]
    
        if figsize is None:
            figsize = (3 * n_dims, 3 * n_dims)
    
        # Tight grid spacing for the classic corner plot look
        fig, axes = plt.subplots(
            n_dims, n_dims, figsize=figsize, gridspec_kw={"wspace": 0.05, "hspace": 0.05}
        )
        fig.suptitle(title, fontsize=16)
    
        if n_dims == 1:
            axes = np.array([[axes]])
        elif n_dims == 2:
            axes = axes.reshape(2, 2)
    
        pcm = None
    
        for i in range(n_dims):
            for j in range(n_dims):
                ax = axes[i, j]
    
                # --- DIAGONALS (1D PDFs) ---
                if i == j:
                    mu = mean_posterior[i]
                    sigma = np.sqrt(cov_posterior[i, i])
                    x = np.linspace(
                        mu - width_scaling * sigma, mu + width_scaling * sigma, 200
                    )
                    pdf = stats.norm.pdf(x, mu, sigma)
    
                    ax.plot(x, pdf, "darkblue", label="Posterior PDF")
                    ax.fill_between(x, pdf, color="lightblue", alpha=0.6)
    
                    if true_values is not None:
                        true_val = true_values[i]
                        ax.axvline(
                            true_val,
                            color="black",
                            linestyle="-",
                            label=f"True: {true_val:.2f}",
                        )
    
                    # Inject prior secondary axis if requested
                    if prior_measure is not None:
                        prior_mu = mean_prior[i]
                        prior_sigma = np.sqrt(cov_prior[i, i])
    
                        def make_forward(p_mu, p_sig):
                            return lambda val: (val - p_mu) / p_sig
    
                        def make_inverse(p_mu, p_sig):
                            return lambda stds: stds * p_sig + p_mu
    
                        sec_ax = ax.secondary_xaxis(
                            "top",
                            functions=(
                                make_forward(prior_mu, prior_sigma),
                                make_inverse(prior_mu, prior_sigma),
                            ),
                        )
                        sec_ax.set_xlabel(
                            r"Distance from Prior Mean ($\sigma_{prior}$)",
                            fontsize=10,
                            color="darkgreen",
                        )
                        sec_ax.tick_params(axis="x", colors="darkgreen")
    
                    # X-axis logic
                    if i == n_dims - 1:
                        ax.set_xlabel(labels[i])
                    else:
                        ax.tick_params(labelbottom=False)
    
                    # Y-axis logic: Hide all ticks, only label the very first plot
                    ax.set_yticks([])
                    if i == 0:
                        ax.set_ylabel("Density")
                    else:
                        ax.set_ylabel("")
    
                # --- OFF-DIAGONALS (2D Contours) ---
                elif i > j:
                    mean_2d = np.array([mean_posterior[j], mean_posterior[i]])
                    cov_2d = np.array(
                        [
                            [cov_posterior[j, j], cov_posterior[j, i]],
                            [cov_posterior[i, j], cov_posterior[i, i]],
                        ]
                    )
    
                    sigma_j = np.sqrt(cov_posterior[j, j])
                    sigma_i = np.sqrt(cov_posterior[i, i])
    
                    x_range = np.linspace(
                        mean_2d[0] - width_scaling * sigma_j,
                        mean_2d[0] + width_scaling * sigma_j,
                        100,
                    )
                    y_range = np.linspace(
                        mean_2d[1] - width_scaling * sigma_i,
                        mean_2d[1] + width_scaling * sigma_i,
                        100,
                    )
    
                    X, Y = np.meshgrid(x_range, y_range)
                    pos = np.dstack((X, Y))
    
                    rv = stats.multivariate_normal(mean_2d, cov_2d)
                    Z = rv.pdf(pos)
    
                    pcm = ax.pcolormesh(
                        X,
                        Y,
                        Z,
                        shading="auto",
                        cmap=colormap,
                        norm=colors.LogNorm(vmin=Z.min(), vmax=Z.max()),
                    )
    
                    ax.contour(X, Y, Z, colors="black", linewidths=0.5, alpha=0.6)
    
                    if include_sigma_contours:
                        sigma_level = rv.pdf(mean_2d) * np.exp(-0.5)
                        ax.contour(
                            X,
                            Y,
                            Z,
                            levels=[sigma_level],
                            colors="red",
                            linewidths=1,
                            linestyles="--",
                            alpha=0.8,
                        )
    
                    ax.plot(
                        mean_posterior[j],
                        mean_posterior[i],
                        "r+",
                        markersize=10,
                        mew=2,
                        label="Posterior Mean",
                    )
    
                    if true_values is not None:
                        ax.plot(
                            true_values[j],
                            true_values[i],
                            "kx",
                            markersize=10,
                            mew=2,
                            label="True Value",
                        )
    
                    # X-axis logic
                    if i == n_dims - 1:
                        ax.set_xlabel(labels[j])
                    else:
                        ax.tick_params(labelbottom=False)
    
                    # Y-axis logic
                    if j == 0:
                        ax.set_ylabel(labels[i])
                    else:
                        ax.tick_params(labelleft=False)
    
                # --- EMPTY UPPER TRIANGLE ---
                else:
                    ax.set_visible(False)
    
        # Align labels perfectly
        fig.align_labels()
    
        handles, labels_leg = axes[0, 0].get_legend_handles_labels()
        if n_dims > 1:
>           handles2, axes[1, 0].get_legend_handles_labels()
E           UnboundLocalError: cannot access local variable 'handles2' where it is not associated with a value

pygeoinf/plot.py:469: UnboundLocalError
_____________ TestPlotCornerDistributions.test_with_custom_labels ______________

self = <tests.test_plot.TestPlotCornerDistributions object at 0x7f8399ba05f0>
gaussian_measure_2d = <pygeoinf.gaussian_measure.GaussianMeasure object at 0x7f8399a01850>

    def test_with_custom_labels(self, gaussian_measure_2d):
        labels = ["Parameter A", "Parameter B"]
>       axes = plot_corner_distributions(gaussian_measure_2d, labels=labels)

tests/test_plot.py:315: 
_ _ _ _ _ _ _ _ _ _ _ _ _ _ _ _ _ _ _ _ _ _ _ _ _ _ _ _ _ _ _ _ _ _ _ _ _ _ _ _ 

posterior_measure = <pygeoinf.gaussian_measure.GaussianMeasure object at 0x7f8399a01850>

    def plot_corner_distributions(
        posterior_measure: GaussianMeasure,
        /,
        *,
        prior_measure: Optional[GaussianMeasure] = None,
        true_values: Optional[Union[List[float], np.ndarray]] = None,
        labels: Optional[List[str]] = None,
        title: str = "Joint Posterior Distribution",
        figsize: Optional[tuple] = None,
        include_sigma_contours: bool = True,
        colormap: str = "Blues",
        parallel: bool = False,
        n_jobs: int = -1,
        width_scaling: float = 3.75,
        legend_position: tuple = (0.9, 0.95),
    ) -> np.ndarray:
        """
        Create a professional corner plot for multi-dimensional posterior distributions.
    
        Args:
            posterior_measure: Multi-dimensional posterior measure (pygeoinf GaussianMeasure)
            prior_measure: Optional prior measure to plot secondary axes showing prior standard deviations.
            true_values: True values for each dimension (optional)
            labels: Labels for each dimension (optional)
            title: Title for the plot
            figsize: Figure size tuple (if None, calculated based on dimensions)
            include_sigma_contours: Whether to include 1-sigma contour lines
            colormap: Colormap for 2D plots
            parallel: Compute dense covariance matrix in parallel, default False.
            n_jobs: Number of cores to use in parallel calculations, default -1.
            width_scaling: Width scaling factor in standard deviations (default: 3.75)
            legend_position: Position of legend as (x, y) tuple (default: (0.9, 0.95))
    
        Returns:
            axes: An N x N NumPy array of Matplotlib Axes objects.
        """
        if not isinstance(posterior_measure, GaussianMeasure):
            raise TypeError(
                f"posterior_measure must be an instance of GaussianMeasure, "
                f"but got {type(posterior_measure).__name__}."
            )
    
        mean_posterior = posterior_measure.expectation
        cov_posterior = posterior_measure.covariance.matrix(
            dense=True, parallel=parallel, n_jobs=n_jobs
        )
    
        # Pre-compute prior matrices if provided
        if prior_measure is not None:
            if not isinstance(prior_measure, GaussianMeasure):
                raise TypeError("prior_measure must be a GaussianMeasure.")
            mean_prior = prior_measure.expectation
            cov_prior = prior_measure.covariance.matrix(
                dense=True, parallel=parallel, n_jobs=n_jobs
            )
    
        n_dims = len(mean_posterior)
    
        if labels is None:
            labels = [f"Dimension {i+1}" for i in range(n_dims)]
    
        if figsize is None:
            figsize = (3 * n_dims, 3 * n_dims)
    
        # Tight grid spacing for the classic corner plot look
        fig, axes = plt.subplots(
            n_dims, n_dims, figsize=figsize, gridspec_kw={"wspace": 0.05, "hspace": 0.05}
        )
        fig.suptitle(title, fontsize=16)
    
        if n_dims == 1:
            axes = np.array([[axes]])
        elif n_dims == 2:
            axes = axes.reshape(2, 2)
    
        pcm = None
    
        for i in range(n_dims):
            for j in range(n_dims):
                ax = axes[i, j]
    
                # --- DIAGONALS (1D PDFs) ---
                if i == j:
                    mu = mean_posterior[i]
                    sigma = np.sqrt(cov_posterior[i, i])
                    x = np.linspace(
                        mu - width_scaling * sigma, mu + width_scaling * sigma, 200
                    )
                    pdf = stats.norm.pdf(x, mu, sigma)
    
                    ax.plot(x, pdf, "darkblue", label="Posterior PDF")
                    ax.fill_between(x, pdf, color="lightblue", alpha=0.6)
    
                    if true_values is not None:
                        true_val = true_values[i]
                        ax.axvline(
                            true_val,
                            color="black",
                            linestyle="-",
                            label=f"True: {true_val:.2f}",
                        )
    
                    # Inject prior secondary axis if requested
                    if prior_measure is not None:
                        prior_mu = mean_prior[i]
                        prior_sigma = np.sqrt(cov_prior[i, i])
    
                        def make_forward(p_mu, p_sig):
                            return lambda val: (val - p_mu) / p_sig
    
                        def make_inverse(p_mu, p_sig):
                            return lambda stds: stds * p_sig + p_mu
    
                        sec_ax = ax.secondary_xaxis(
                            "top",
                            functions=(
                                make_forward(prior_mu, prior_sigma),
                                make_inverse(prior_mu, prior_sigma),
                            ),
                        )
                        sec_ax.set_xlabel(
                            r"Distance from Prior Mean ($\sigma_{prior}$)",
                            fontsize=10,
                            color="darkgreen",
                        )
                        sec_ax.tick_params(axis="x", colors="darkgreen")
    
                    # X-axis logic
                    if i == n_dims - 1:
                        ax.set_xlabel(labels[i])
                    else:
                        ax.tick_params(labelbottom=False)
    
                    # Y-axis logic: Hide all ticks, only label the very first plot
                    ax.set_yticks([])
                    if i == 0:
                        ax.set_ylabel("Density")
                    else:
                        ax.set_ylabel("")
    
                # --- OFF-DIAGONALS (2D Contours) ---
                elif i > j:
                    mean_2d = np.array([mean_posterior[j], mean_posterior[i]])
                    cov_2d = np.array(
                        [
                            [cov_posterior[j, j], cov_posterior[j, i]],
                            [cov_posterior[i, j], cov_posterior[i, i]],
                        ]
                    )
    
                    sigma_j = np.sqrt(cov_posterior[j, j])
                    sigma_i = np.sqrt(cov_posterior[i, i])
    
                    x_range = np.linspace(
                        mean_2d[0] - width_scaling * sigma_j,
                        mean_2d[0] + width_scaling * sigma_j,
                        100,
                    )
                    y_range = np.linspace(
                        mean_2d[1] - width_scaling * sigma_i,
                        mean_2d[1] + width_scaling * sigma_i,
                        100,
                    )
    
                    X, Y = np.meshgrid(x_range, y_range)
                    pos = np.dstack((X, Y))
    
                    rv = stats.multivariate_normal(mean_2d, cov_2d)
                    Z = rv.pdf(pos)
    
                    pcm = ax.pcolormesh(
                        X,
                        Y,
                        Z,
                        shading="auto",
                        cmap=colormap,
                        norm=colors.LogNorm(vmin=Z.min(), vmax=Z.max()),
                    )
    
                    ax.contour(X, Y, Z, colors="black", linewidths=0.5, alpha=0.6)
    
                    if include_sigma_contours:
                        sigma_level = rv.pdf(mean_2d) * np.exp(-0.5)
                        ax.contour(
                            X,
                            Y,
                            Z,
                            levels=[sigma_level],
                            colors="red",
                            linewidths=1,
                            linestyles="--",
                            alpha=0.8,
                        )
    
                    ax.plot(
                        mean_posterior[j],
                        mean_posterior[i],
                        "r+",
                        markersize=10,
                        mew=2,
                        label="Posterior Mean",
                    )
    
                    if true_values is not None:
                        ax.plot(
                            true_values[j],
                            true_values[i],
                            "kx",
                            markersize=10,
                            mew=2,
                            label="True Value",
                        )
    
                    # X-axis logic
                    if i == n_dims - 1:
                        ax.set_xlabel(labels[j])
                    else:
                        ax.tick_params(labelbottom=False)
    
                    # Y-axis logic
                    if j == 0:
                        ax.set_ylabel(labels[i])
                    else:
                        ax.tick_params(labelleft=False)
    
                # --- EMPTY UPPER TRIANGLE ---
                else:
                    ax.set_visible(False)
    
        # Align labels perfectly
        fig.align_labels()
    
        handles, labels_leg = axes[0, 0].get_legend_handles_labels()
        if n_dims > 1:
>           handles2, axes[1, 0].get_legend_handles_labels()
E           UnboundLocalError: cannot access local variable 'handles2' where it is not associated with a value

pygeoinf/plot.py:469: UnboundLocalError
______________ TestPlotCornerDistributions.test_custom_parameters ______________

self = <tests.test_plot.TestPlotCornerDistributions object at 0x7f8399ba0800>
gaussian_measure_2d = <pygeoinf.gaussian_measure.GaussianMeasure object at 0x7f83956dc830>

    def test_custom_parameters(self, gaussian_measure_2d):
>       axes = plot_corner_distributions(
            gaussian_measure_2d,
            title="Custom Corner Plot",
            figsize=(8, 8),
            colormap="Reds",
            include_sigma_contours=False,
        )

tests/test_plot.py:326: 
_ _ _ _ _ _ _ _ _ _ _ _ _ _ _ _ _ _ _ _ _ _ _ _ _ _ _ _ _ _ _ _ _ _ _ _ _ _ _ _ 

posterior_measure = <pygeoinf.gaussian_measure.GaussianMeasure object at 0x7f83956dc830>

    def plot_corner_distributions(
        posterior_measure: GaussianMeasure,
        /,
        *,
        prior_measure: Optional[GaussianMeasure] = None,
        true_values: Optional[Union[List[float], np.ndarray]] = None,
        labels: Optional[List[str]] = None,
        title: str = "Joint Posterior Distribution",
        figsize: Optional[tuple] = None,
        include_sigma_contours: bool = True,
        colormap: str = "Blues",
        parallel: bool = False,
        n_jobs: int = -1,
        width_scaling: float = 3.75,
        legend_position: tuple = (0.9, 0.95),
    ) -> np.ndarray:
        """
        Create a professional corner plot for multi-dimensional posterior distributions.
    
        Args:
            posterior_measure: Multi-dimensional posterior measure (pygeoinf GaussianMeasure)
            prior_measure: Optional prior measure to plot secondary axes showing prior standard deviations.
            true_values: True values for each dimension (optional)
            labels: Labels for each dimension (optional)
            title: Title for the plot
            figsize: Figure size tuple (if None, calculated based on dimensions)
            include_sigma_contours: Whether to include 1-sigma contour lines
            colormap: Colormap for 2D plots
            parallel: Compute dense covariance matrix in parallel, default False.
            n_jobs: Number of cores to use in parallel calculations, default -1.
            width_scaling: Width scaling factor in standard deviations (default: 3.75)
            legend_position: Position of legend as (x, y) tuple (default: (0.9, 0.95))
    
        Returns:
            axes: An N x N NumPy array of Matplotlib Axes objects.
        """
        if not isinstance(posterior_measure, GaussianMeasure):
            raise TypeError(
                f"posterior_measure must be an instance of GaussianMeasure, "
                f"but got {type(posterior_measure).__name__}."
            )
    
        mean_posterior = posterior_measure.expectation
        cov_posterior = posterior_measure.covariance.matrix(
            dense=True, parallel=parallel, n_jobs=n_jobs
        )
    
        # Pre-compute prior matrices if provided
        if prior_measure is not None:
            if not isinstance(prior_measure, GaussianMeasure):
                raise TypeError("prior_measure must be a GaussianMeasure.")
            mean_prior = prior_measure.expectation
            cov_prior = prior_measure.covariance.matrix(
                dense=True, parallel=parallel, n_jobs=n_jobs
            )
    
        n_dims = len(mean_posterior)
    
        if labels is None:
            labels = [f"Dimension {i+1}" for i in range(n_dims)]
    
        if figsize is None:
            figsize = (3 * n_dims, 3 * n_dims)
    
        # Tight grid spacing for the classic corner plot look
        fig, axes = plt.subplots(
            n_dims, n_dims, figsize=figsize, gridspec_kw={"wspace": 0.05, "hspace": 0.05}
        )
        fig.suptitle(title, fontsize=16)
    
        if n_dims == 1:
            axes = np.array([[axes]])
        elif n_dims == 2:
            axes = axes.reshape(2, 2)
    
        pcm = None
    
        for i in range(n_dims):
            for j in range(n_dims):
                ax = axes[i, j]
    
                # --- DIAGONALS (1D PDFs) ---
                if i == j:
                    mu = mean_posterior[i]
                    sigma = np.sqrt(cov_posterior[i, i])
                    x = np.linspace(
                        mu - width_scaling * sigma, mu + width_scaling * sigma, 200
                    )
                    pdf = stats.norm.pdf(x, mu, sigma)
    
                    ax.plot(x, pdf, "darkblue", label="Posterior PDF")
                    ax.fill_between(x, pdf, color="lightblue", alpha=0.6)
    
                    if true_values is not None:
                        true_val = true_values[i]
                        ax.axvline(
                            true_val,
                            color="black",
                            linestyle="-",
                            label=f"True: {true_val:.2f}",
                        )
    
                    # Inject prior secondary axis if requested
                    if prior_measure is not None:
                        prior_mu = mean_prior[i]
                        prior_sigma = np.sqrt(cov_prior[i, i])
    
                        def make_forward(p_mu, p_sig):
                            return lambda val: (val - p_mu) / p_sig
    
                        def make_inverse(p_mu, p_sig):
                            return lambda stds: stds * p_sig + p_mu
    
                        sec_ax = ax.secondary_xaxis(
                            "top",
                            functions=(
                                make_forward(prior_mu, prior_sigma),
                                make_inverse(prior_mu, prior_sigma),
                            ),
                        )
                        sec_ax.set_xlabel(
                            r"Distance from Prior Mean ($\sigma_{prior}$)",
                            fontsize=10,
                            color="darkgreen",
                        )
                        sec_ax.tick_params(axis="x", colors="darkgreen")
    
                    # X-axis logic
                    if i == n_dims - 1:
                        ax.set_xlabel(labels[i])
                    else:
                        ax.tick_params(labelbottom=False)
    
                    # Y-axis logic: Hide all ticks, only label the very first plot
                    ax.set_yticks([])
                    if i == 0:
                        ax.set_ylabel("Density")
                    else:
                        ax.set_ylabel("")
    
                # --- OFF-DIAGONALS (2D Contours) ---
                elif i > j:
                    mean_2d = np.array([mean_posterior[j], mean_posterior[i]])
                    cov_2d = np.array(
                        [
                            [cov_posterior[j, j], cov_posterior[j, i]],
                            [cov_posterior[i, j], cov_posterior[i, i]],
                        ]
                    )
    
                    sigma_j = np.sqrt(cov_posterior[j, j])
                    sigma_i = np.sqrt(cov_posterior[i, i])
    
                    x_range = np.linspace(
                        mean_2d[0] - width_scaling * sigma_j,
                        mean_2d[0] + width_scaling * sigma_j,
                        100,
                    )
                    y_range = np.linspace(
                        mean_2d[1] - width_scaling * sigma_i,
                        mean_2d[1] + width_scaling * sigma_i,
                        100,
                    )
    
                    X, Y = np.meshgrid(x_range, y_range)
                    pos = np.dstack((X, Y))
    
                    rv = stats.multivariate_normal(mean_2d, cov_2d)
                    Z = rv.pdf(pos)
    
                    pcm = ax.pcolormesh(
                        X,
                        Y,
                        Z,
                        shading="auto",
                        cmap=colormap,
                        norm=colors.LogNorm(vmin=Z.min(), vmax=Z.max()),
                    )
    
                    ax.contour(X, Y, Z, colors="black", linewidths=0.5, alpha=0.6)
    
                    if include_sigma_contours:
                        sigma_level = rv.pdf(mean_2d) * np.exp(-0.5)
                        ax.contour(
                            X,
                            Y,
                            Z,
                            levels=[sigma_level],
                            colors="red",
                            linewidths=1,
                            linestyles="--",
                            alpha=0.8,
                        )
    
                    ax.plot(
                        mean_posterior[j],
                        mean_posterior[i],
                        "r+",
                        markersize=10,
                        mew=2,
                        label="Posterior Mean",
                    )
    
                    if true_values is not None:
                        ax.plot(
                            true_values[j],
                            true_values[i],
                            "kx",
                            markersize=10,
                            mew=2,
                            label="True Value",
                        )
    
                    # X-axis logic
                    if i == n_dims - 1:
                        ax.set_xlabel(labels[j])
                    else:
                        ax.tick_params(labelbottom=False)
    
                    # Y-axis logic
                    if j == 0:
                        ax.set_ylabel(labels[i])
                    else:
                        ax.tick_params(labelleft=False)
    
                # --- EMPTY UPPER TRIANGLE ---
                else:
                    ax.set_visible(False)
    
        # Align labels perfectly
        fig.align_labels()
    
        handles, labels_leg = axes[0, 0].get_legend_handles_labels()
        if n_dims > 1:
>           handles2, axes[1, 0].get_legend_handles_labels()
E           UnboundLocalError: cannot access local variable 'handles2' where it is not associated with a value

pygeoinf/plot.py:469: UnboundLocalError
________________ TestPlotIntegration.test_plotting_workflow_2d _________________

self = <tests.test_plot.TestPlotIntegration object at 0x7f8399ba0d70>
euclidean_space_2d = <pygeoinf.hilbert_space.EuclideanSpace object at 0x7f839428b110>

    def test_plotting_workflow_2d(self, euclidean_space_2d):
        mean = np.array([1.0, 2.0])
        cov_matrix = np.array([[1.0, 0.3], [0.3, 2.0]])
        posterior_measure = GaussianMeasure.from_covariance_matrix(
            euclidean_space_2d, cov_matrix, expectation=mean
        )
    
>       axes = plot_corner_distributions(
            posterior_measure,
            true_values=[0.9, 2.1],
            labels=["X coordinate", "Y coordinate"],
        )

tests/test_plot.py:391: 
_ _ _ _ _ _ _ _ _ _ _ _ _ _ _ _ _ _ _ _ _ _ _ _ _ _ _ _ _ _ _ _ _ _ _ _ _ _ _ _ 

posterior_measure = <pygeoinf.gaussian_measure.GaussianMeasure object at 0x7f838fefd610>

    def plot_corner_distributions(
        posterior_measure: GaussianMeasure,
        /,
        *,
        prior_measure: Optional[GaussianMeasure] = None,
        true_values: Optional[Union[List[float], np.ndarray]] = None,
        labels: Optional[List[str]] = None,
        title: str = "Joint Posterior Distribution",
        figsize: Optional[tuple] = None,
        include_sigma_contours: bool = True,
        colormap: str = "Blues",
        parallel: bool = False,
        n_jobs: int = -1,
        width_scaling: float = 3.75,
        legend_position: tuple = (0.9, 0.95),
    ) -> np.ndarray:
        """
        Create a professional corner plot for multi-dimensional posterior distributions.
    
        Args:
            posterior_measure: Multi-dimensional posterior measure (pygeoinf GaussianMeasure)
            prior_measure: Optional prior measure to plot secondary axes showing prior standard deviations.
            true_values: True values for each dimension (optional)
            labels: Labels for each dimension (optional)
            title: Title for the plot
            figsize: Figure size tuple (if None, calculated based on dimensions)
            include_sigma_contours: Whether to include 1-sigma contour lines
            colormap: Colormap for 2D plots
            parallel: Compute dense covariance matrix in parallel, default False.
            n_jobs: Number of cores to use in parallel calculations, default -1.
            width_scaling: Width scaling factor in standard deviations (default: 3.75)
            legend_position: Position of legend as (x, y) tuple (default: (0.9, 0.95))
    
        Returns:
            axes: An N x N NumPy array of Matplotlib Axes objects.
        """
        if not isinstance(posterior_measure, GaussianMeasure):
            raise TypeError(
                f"posterior_measure must be an instance of GaussianMeasure, "
                f"but got {type(posterior_measure).__name__}."
            )
    
        mean_posterior = posterior_measure.expectation
        cov_posterior = posterior_measure.covariance.matrix(
            dense=True, parallel=parallel, n_jobs=n_jobs
        )
    
        # Pre-compute prior matrices if provided
        if prior_measure is not None:
            if not isinstance(prior_measure, GaussianMeasure):
                raise TypeError("prior_measure must be a GaussianMeasure.")
            mean_prior = prior_measure.expectation
            cov_prior = prior_measure.covariance.matrix(
                dense=True, parallel=parallel, n_jobs=n_jobs
            )
    
        n_dims = len(mean_posterior)
    
        if labels is None:
            labels = [f"Dimension {i+1}" for i in range(n_dims)]
    
        if figsize is None:
            figsize = (3 * n_dims, 3 * n_dims)
    
        # Tight grid spacing for the classic corner plot look
        fig, axes = plt.subplots(
            n_dims, n_dims, figsize=figsize, gridspec_kw={"wspace": 0.05, "hspace": 0.05}
        )
        fig.suptitle(title, fontsize=16)
    
        if n_dims == 1:
            axes = np.array([[axes]])
        elif n_dims == 2:
            axes = axes.reshape(2, 2)
    
        pcm = None
    
        for i in range(n_dims):
            for j in range(n_dims):
                ax = axes[i, j]
    
                # --- DIAGONALS (1D PDFs) ---
                if i == j:
                    mu = mean_posterior[i]
                    sigma = np.sqrt(cov_posterior[i, i])
                    x = np.linspace(
                        mu - width_scaling * sigma, mu + width_scaling * sigma, 200
                    )
                    pdf = stats.norm.pdf(x, mu, sigma)
    
                    ax.plot(x, pdf, "darkblue", label="Posterior PDF")
                    ax.fill_between(x, pdf, color="lightblue", alpha=0.6)
    
                    if true_values is not None:
                        true_val = true_values[i]
                        ax.axvline(
                            true_val,
                            color="black",
                            linestyle="-",
                            label=f"True: {true_val:.2f}",
                        )
    
                    # Inject prior secondary axis if requested
                    if prior_measure is not None:
                        prior_mu = mean_prior[i]
                        prior_sigma = np.sqrt(cov_prior[i, i])
    
                        def make_forward(p_mu, p_sig):
                            return lambda val: (val - p_mu) / p_sig
    
                        def make_inverse(p_mu, p_sig):
                            return lambda stds: stds * p_sig + p_mu
    
                        sec_ax = ax.secondary_xaxis(
                            "top",
                            functions=(
                                make_forward(prior_mu, prior_sigma),
                                make_inverse(prior_mu, prior_sigma),
                            ),
                        )
                        sec_ax.set_xlabel(
                            r"Distance from Prior Mean ($\sigma_{prior}$)",
                            fontsize=10,
                            color="darkgreen",
                        )
                        sec_ax.tick_params(axis="x", colors="darkgreen")
    
                    # X-axis logic
                    if i == n_dims - 1:
                        ax.set_xlabel(labels[i])
                    else:
                        ax.tick_params(labelbottom=False)
    
                    # Y-axis logic: Hide all ticks, only label the very first plot
                    ax.set_yticks([])
                    if i == 0:
                        ax.set_ylabel("Density")
                    else:
                        ax.set_ylabel("")
    
                # --- OFF-DIAGONALS (2D Contours) ---
                elif i > j:
                    mean_2d = np.array([mean_posterior[j], mean_posterior[i]])
                    cov_2d = np.array(
                        [
                            [cov_posterior[j, j], cov_posterior[j, i]],
                            [cov_posterior[i, j], cov_posterior[i, i]],
                        ]
                    )
    
                    sigma_j = np.sqrt(cov_posterior[j, j])
                    sigma_i = np.sqrt(cov_posterior[i, i])
    
                    x_range = np.linspace(
                        mean_2d[0] - width_scaling * sigma_j,
                        mean_2d[0] + width_scaling * sigma_j,
                        100,
                    )
                    y_range = np.linspace(
                        mean_2d[1] - width_scaling * sigma_i,
                        mean_2d[1] + width_scaling * sigma_i,
                        100,
                    )
    
                    X, Y = np.meshgrid(x_range, y_range)
                    pos = np.dstack((X, Y))
    
                    rv = stats.multivariate_normal(mean_2d, cov_2d)
                    Z = rv.pdf(pos)
    
                    pcm = ax.pcolormesh(
                        X,
                        Y,
                        Z,
                        shading="auto",
                        cmap=colormap,
                        norm=colors.LogNorm(vmin=Z.min(), vmax=Z.max()),
                    )
    
                    ax.contour(X, Y, Z, colors="black", linewidths=0.5, alpha=0.6)
    
                    if include_sigma_contours:
                        sigma_level = rv.pdf(mean_2d) * np.exp(-0.5)
                        ax.contour(
                            X,
                            Y,
                            Z,
                            levels=[sigma_level],
                            colors="red",
                            linewidths=1,
                            linestyles="--",
                            alpha=0.8,
                        )
    
                    ax.plot(
                        mean_posterior[j],
                        mean_posterior[i],
                        "r+",
                        markersize=10,
                        mew=2,
                        label="Posterior Mean",
                    )
    
                    if true_values is not None:
                        ax.plot(
                            true_values[j],
                            true_values[i],
                            "kx",
                            markersize=10,
                            mew=2,
                            label="True Value",
                        )
    
                    # X-axis logic
                    if i == n_dims - 1:
                        ax.set_xlabel(labels[j])
                    else:
                        ax.tick_params(labelbottom=False)
    
                    # Y-axis logic
                    if j == 0:
                        ax.set_ylabel(labels[i])
                    else:
                        ax.tick_params(labelleft=False)
    
                # --- EMPTY UPPER TRIANGLE ---
                else:
                    ax.set_visible(False)
    
        # Align labels perfectly
        fig.align_labels()
    
        handles, labels_leg = axes[0, 0].get_legend_handles_labels()
        if n_dims > 1:
>           handles2, axes[1, 0].get_legend_handles_labels()
E           UnboundLocalError: cannot access local variable 'handles2' where it is not associated with a value

pygeoinf/plot.py:469: UnboundLocalError
_________________ TestPlotIntegration.test_mixed_measure_types _________________

self = <tests.test_plot.TestPlotIntegration object at 0x7f8399ba0f50>
gaussian_measure_1d = <pygeoinf.gaussian_measure.GaussianMeasure object at 0x7f83941e2120>
scipy_multivariate_normal_1d = <scipy.stats._multivariate.multivariate_normal_frozen object at 0x7f839419a480>

    def test_mixed_measure_types(
        self, gaussian_measure_1d, scipy_multivariate_normal_1d
    ):
        ax = plot_1d_distributions([gaussian_measure_1d, scipy_multivariate_normal_1d])
        fig = ax.get_figure()
    
        assert fig is not None
        assert ax is not None
>       assert len(ax.lines) == 2
E       AssertionError: assert 4 == 2
E        +  where 4 = len(<Axes.ArtistList of 4 lines>)
E        +    where <Axes.ArtistList of 4 lines> = <Axes: title={'center': 'Prior and Posterior Probability Distributions'}, xlabel='Property Value', ylabel='Probability Density'>.lines

tests/test_plot.py:412: AssertionError
=============================== warnings summary ===============================
tests/test_plot.py::TestPlotCornerDistributions::test_1d_corner_plot
tests/test_plot.py::TestPlotEdgeCases::test_single_dimension_corner_plot_edge_case
  /home/david/dev/pygeoinf/pygeoinf/plot.py:485: UserWarning: This figure includes Axes that are not compatible with tight_layout, so results might be incorrect.
    plt.tight_layout(rect=[0, 0, 0.88, 0.93], pad=1.5)

tests/test_plot.py::TestPlotIntegration::test_plotting_workflow_1d
tests/test_plot.py::TestPlotIntegration::test_mixed_measure_types
tests/test_plot.py::TestPlotEdgeCases::test_very_small_variance
tests/test_plot.py::TestPlotEdgeCases::test_large_variance
tests/test_plot.py::TestPlotEdgeCases::test_extreme_true_value
  /home/david/dev/pygeoinf/pygeoinf/plot.py:228: UserWarning: This figure includes Axes that are not compatible with tight_layout, so results might be incorrect.
    fig.tight_layout()

-- Docs: https://docs.pytest.org/en/stable/how-to/capture-warnings.html
=========================== short test summary info ============================
FAILED tests/test_plot.py::TestPlotCornerDistributions::test_2d_corner_plot
FAILED tests/test_plot.py::TestPlotCornerDistributions::test_3d_corner_plot
FAILED tests/test_plot.py::TestPlotCornerDistributions::test_with_true_values
FAILED tests/test_plot.py::TestPlotCornerDistributions::test_with_prior_measure
FAILED tests/test_plot.py::TestPlotCornerDistributions::test_with_custom_labels
FAILED tests/test_plot.py::TestPlotCornerDistributions::test_custom_parameters
FAILED tests/test_plot.py::TestPlotIntegration::test_plotting_workflow_2d - U...
FAILED tests/test_plot.py::TestPlotIntegration::test_mixed_measure_types - As...
============ 8 failed, 379 passed, 1 xfailed, 7 warnings in 10.05s =============
