--- proximal bundle via support_values, model 300, data 60: 5.83s
      331    1.725    0.005    5.436    0.016 /home/david/dev/pygeoinf/pygeoinf2/numerics/convex.py:1097(_minimise_on_simplex)
   253361    1.043    0.000    2.411    0.000 /home/david/dev/pygeoinf/pygeoinf2/numerics/convex.py:1083(_project_on_simplex)
      331    0.024    0.000    0.035    0.000 /home/david/dev/pygeoinf/pygeoinf2/numerics/convex.py:1005(_gram)
    19105    0.018    0.000    0.018    0.000 /home/david/dev/pygeoinf/pygeoinf2/algebra/spaces.py:318(axpy)
    19768    0.018    0.000    0.021    0.000 /home/david/dev/pygeoinf/pygeoinf2/algebra/spaces.py:800(inner_product)
      331    0.012    0.000    5.516    0.017 /home/david/dev/pygeoinf/pygeoinf2/numerics/convex.py:1038(_solve_model)
      337    0.003    0.000    0.235    0.001 /home/david/dev/pygeoinf/pygeoinf2/algebra/operators.py:1439(_adjoint_value)
--- LevelBundleMethod, data 60: 43.65s
      589   40.776    0.069   41.680    0.071 /home/david/.cache/pypoetry/virtualenvs/pygeoinf-0ZCu7S8P-py3.12/lib/python3.12/site-packages/osqp/interface.py:403(solve)
      589    0.209    0.000    0.209    0.000 /home/david/.cache/pypoetry/virtualenvs/pygeoinf-0ZCu7S8P-py3.12/lib/python3.12/site-packages/osqp/interface.py:128(raises_error)
      789    0.172    0.000    0.397    0.001 /home/david/dev/pygeoinf/pygeoinf2/numerics/convex.py:1294(_cut_rows)
      589    0.029    0.000   42.080    0.071 /home/david/dev/pygeoinf/pygeoinf2/numerics/quadratic_programming.py:281(solve)
      589    0.026    0.000    0.401    0.001 /home/david/.cache/pypoetry/virtualenvs/pygeoinf-0ZCu7S8P-py3.12/lib/python3.12/site-packages/osqp/interface.py:370(setup)
      589    0.011    0.000    0.024    0.000 /home/david/dev/pygeoinf/pygeoinf2/numerics/quadratic_programming.py:126(_validate)
      589    0.010    0.000    0.108    0.000 /home/david/.cache/pypoetry/virtualenvs/pygeoinf-0ZCu7S8P-py3.12/lib/python3.12/site-packages/osqp/interface.py:165(_infer_mnpqalu)
      200    0.010    0.000    0.024    0.000 /home/david/.cache/pypoetry/virtualenvs/pygeoinf-0ZCu7S8P-py3.12/lib/python3.12/site-packages/scipy/optimize/_linprog_util.py:213(_clean_inputs)
      589    0.009    0.000    0.018    0.000 /home/david/.cache/pypoetry/virtualenvs/pygeoinf-0ZCu7S8P-py3.12/lib/python3.12/site-packages/osqp/interface.py:280(update_settings)
     1178    0.009    0.000    0.013    0.000 /home/david/.cache/pypoetry/virtualenvs/pygeoinf-0ZCu7S8P-py3.12/lib/python3.12/site-packages/osqp/interface.py:62(constant)
   level result: BundleResult(value=43.231, iterations=200, converged=False)  proximal support value: 43.23084587274789
--- ProximalBundleMethod alone, data 60: 1.19s
       61    0.354    0.006    1.117    0.018 /home/david/dev/pygeoinf/pygeoinf2/numerics/convex.py:1097(_minimise_on_simplex)
    52534    0.216    0.000    0.496    0.000 /home/david/dev/pygeoinf/pygeoinf2/numerics/convex.py:1083(_project_on_simplex)
       61    0.005    0.000    0.007    0.000 /home/david/dev/pygeoinf/pygeoinf2/numerics/convex.py:1005(_gram)
     3808    0.003    0.000    0.004    0.000 /home/david/dev/pygeoinf/pygeoinf2/algebra/spaces.py:800(inner_product)
     3685    0.003    0.000    0.003    0.000 /home/david/dev/pygeoinf/pygeoinf2/algebra/spaces.py:318(axpy)
       61    0.002    0.000    1.132    0.019 /home/david/dev/pygeoinf/pygeoinf2/numerics/convex.py:1038(_solve_model)
       61    0.001    0.000    0.041    0.001 /home/david/dev/pygeoinf/pygeoinf2/algebra/operators.py:1439(_adjoint_value)
   proximal result: BundleResult(value=43.2308, iterations=61, converged=True)
--- proximal bundle via support_values, model 300, data 2000: 10.49s
     1550    2.515    0.002    7.996    0.005 /home/david/dev/pygeoinf/pygeoinf2/numerics/convex.py:1097(_minimise_on_simplex)
   368860    1.531    0.000    3.537    0.000 /home/david/dev/pygeoinf/pygeoinf2/numerics/convex.py:1083(_project_on_simplex)
   123959    0.219    0.000    0.219    0.000 /home/david/dev/pygeoinf/pygeoinf2/algebra/spaces.py:318(axpy)
     1560    0.196    0.000    1.242    0.001 /home/david/dev/pygeoinf/pygeoinf2/algebra/operators.py:1439(_adjoint_value)
     1550    0.185    0.000    0.280    0.000 /home/david/dev/pygeoinf/pygeoinf2/numerics/convex.py:1005(_gram)
     1554    0.166    0.000    0.167    0.000 /home/david/dev/pygeoinf/pygeoinf2/algebra/operators.py:1432(_value)
   127068    0.160    0.000    0.177    0.000 /home/david/dev/pygeoinf/pygeoinf2/algebra/spaces.py:800(inner_product)
     1550    0.069    0.000    8.699    0.006 /home/david/dev/pygeoinf/pygeoinf2/numerics/convex.py:1038(_solve_model)
--- LevelBundleMethod, data 2000: 138.20s
      200   13.968    0.070   17.893    0.089 /home/david/.cache/pypoetry/virtualenvs/pygeoinf-0ZCu7S8P-py3.12/lib/python3.12/site-packages/osqp/interface.py:403(solve)
      200    1.656    0.008    1.656    0.008 /home/david/.cache/pypoetry/virtualenvs/pygeoinf-0ZCu7S8P-py3.12/lib/python3.12/site-packages/osqp/interface.py:128(raises_error)
      200    0.624    0.003   20.575    0.103 /home/david/dev/pygeoinf/pygeoinf2/numerics/quadratic_programming.py:281(solve)
      400    0.131    0.000    0.364    0.001 /home/david/dev/pygeoinf/pygeoinf2/numerics/convex.py:1294(_cut_rows)
      201    0.096    0.000    0.281    0.001 /home/david/dev/pygeoinf/pygeoinf2/algebra/operators.py:1439(_adjoint_value)
      201    0.053    0.000    0.053    0.000 /home/david/dev/pygeoinf/pygeoinf2/algebra/operators.py:1432(_value)
      200    0.023    0.000    0.226    0.001 /home/david/.cache/pypoetry/virtualenvs/pygeoinf-0ZCu7S8P-py3.12/lib/python3.12/site-packages/scipy/optimize/_linprog_util.py:213(_clean_inputs)
      200    0.016    0.000    1.781    0.009 /home/david/.cache/pypoetry/virtualenvs/pygeoinf-0ZCu7S8P-py3.12/lib/python3.12/site-packages/osqp/interface.py:370(setup)
      800    0.008    0.000    0.011    0.000 /home/david/.cache/pypoetry/virtualenvs/pygeoinf-0ZCu7S8P-py3.12/lib/python3.12/site-packages/scipy/optimize/_linprog_highs.py:64(_replace_inf)
     1407    0.008    0.000    0.008    0.000 /home/david/dev/pygeoinf/pygeoinf2/algebra/spaces.py:800(inner_product)
     1004    0.007    0.000    0.007    0.000 /home/david/dev/pygeoinf/pygeoinf2/algebra/spaces.py:318(axpy)
   level result: BundleResult(value=3.53515, iterations=200, converged=False)  proximal support value: 0.362105350976756
--- ProximalBundleMethod alone, data 2000: 1.58s
      300    0.376    0.001    1.199    0.004 /home/david/dev/pygeoinf/pygeoinf2/numerics/convex.py:1097(_minimise_on_simplex)
    56282    0.230    0.000    0.532    0.000 /home/david/dev/pygeoinf/pygeoinf2/numerics/convex.py:1083(_project_on_simplex)
      300    0.032    0.000    0.047    0.000 /home/david/dev/pygeoinf/pygeoinf2/numerics/convex.py:1005(_gram)
    24244    0.032    0.000    0.032    0.000 /home/david/dev/pygeoinf/pygeoinf2/algebra/spaces.py:318(axpy)
    24847    0.026    0.000    0.029    0.000 /home/david/dev/pygeoinf/pygeoinf2/algebra/spaces.py:800(inner_product)
      301    0.019    0.000    0.195    0.001 /home/david/dev/pygeoinf/pygeoinf2/algebra/operators.py:1439(_adjoint_value)
      301    0.018    0.000    0.018    0.000 /home/david/dev/pygeoinf/pygeoinf2/algebra/operators.py:1432(_value)
      300    0.010    0.000    1.311    0.004 /home/david/dev/pygeoinf/pygeoinf2/numerics/convex.py:1038(_solve_model)
   proximal result: BundleResult(value=0.362105, iterations=300, converged=False)
